sourceSHA=ab79ad928cbf54072fe0b3eaabd8b5ee60dea7d1
command=node --test skills/prism/tests/design-rounds.test.mts skills/prism/tests/design-round-client.test.mts skills/prism/tests/preferences-generation.test.mts skills/prism/tests/pipeline-preference-subject.test.mts skills/prism/tests/preference-bridge.test.mjs
✔ original round client retains a lost-response request across reload and pending retry over real HTTP (62.272187ms)
✔ original round HTTP calls preserve 400, 500 and text diagnostics and identify broken success contracts (29.218199ms)
✔ late architecture generation cannot mutate its successor; exact delivery retry is distinct from a new round (3561.692481ms)
✔ three rejections feed a successor round while predecessor documents and decisions remain immutable history (1893.877187ms)
✔ source revision mutation after dispatch rejects result before creating new documents (1463.859905ms)
✔ real insertion failure rolls back the whole round and leaves its delivery retry usable (1445.087546ms)
✔ final Nova baseline consumption rejects an approved predecessor after a new round starts (1685.082163ms)
✔ same architecture revision cannot substitute content under a replayed dispatch (1.471692ms)
✔ legacy unbound documents can start a first explicit round without invented predecessor identity (1621.900324ms)
✔ installed pg int8 parser strings cannot bypass the original architecture transition guard (1578.266044ms)
✔ signed dispatch cannot select a personal subject without exact platform authorization (1.180702ms)
✔ platform subject automatically selects its real persisted personal history in another project (3142.71471ms)
✔ Control startup validates and freezes platform subject configuration (1.74886ms)
✔ original bridge forwards persisted preference identities to the OpenClaw process boundary (375.508977ms)
✔ SQL preference history crosses sessions with consent, isolated scopes, overrides and persisted prompt identity (3443.107942ms)
✔ projection deduplicates evidence and refuses cross-project or cross-user retractions (1.334144ms)
ℹ tests 16
ℹ suites 0
ℹ pass 16
ℹ fail 0
ℹ cancelled 0
ℹ skipped 0
ℹ todo 0
ℹ duration_ms 13631.664364

exit=0
