sourceSHA=ab79ad928cbf54072fe0b3eaabd8b5ee60dea7d1
command=node --test tests/verification/reliability/approval-source.test.mjs tests/verification/reliability/admin-repair.test.mjs
✔ authorized ancestor repair reruns every original graph approval and sibling gate (1155.14783ms)
✔ real Git, architecture artifact and operator wait are renewed after earlier approval (10552.309285ms)
✔ real Git, architecture artifact and operator wait are renewed after rejection (9243.797117ms)
✔ administrative journal and repair projection crash prefixes converge without stale gates (2816.552115ms)
✔ fresh architecture approval ignores prior subject Blueprint lineage (16750.911028ms)
✔ review source rejects a Git symlink before architecture dispatch (2691.751538ms)
✔ approved architecture executable mode is preserved by original Blueprint sync (5283.271432ms)
✔ original architecture approval source binding: none (8035.869248ms)
✔ original architecture approval source binding: source-commit (6061.936976ms)
✔ original architecture approval source binding: dirty-plan (5868.546932ms)
✔ original architecture approval source binding: architecture-ref (6620.379562ms)
✔ accepted source drift blocks at original sync admission (9441.117074ms)
✔ accepted source drift blocks at original api admission (9287.924446ms)
✔ clean bound report supports skipped approval and real pinned implementation (4882.959046ms)
✔ source-less report can be reported but cannot authorize Blueprint or Forge (5380.140776ms)
✔ external source commit during real implementation dispatch cannot become approved lineage (7408.106233ms)
✔ external worktree commit during Forge cannot enter approved source lineage (6868.586655ms)
ℹ tests 17
ℹ suites 0
ℹ pass 17
ℹ fail 0
ℹ cancelled 0
ℹ skipped 0
ℹ todo 0
ℹ duration_ms 95096.816409

exit=0
