$ npm run verify:worker-core:native-runtime
npm warn Unknown env config "http-proxy". This will stop working in the next major version of npm.

> verify:worker-core:native-runtime
> node --test tests/verification/reliability/prism-native-startup.test.mts tests/verification/reliability/worker-native-launcher.test.mts tests/verification/deployment/native-worker-node.test.mjs tests/verification/deployment/prism-native-runtime.test.mjs && GOTOOLCHAIN=local go -C tools/native-worker-nri test -mod=readonly -race -count=1 -v ./...

✔ real generated bundle binds both role readers, selected runtime and actual systemd unit parser (1800.235031ms)
✔ actual policy files reject writable authority and symlinks without consuming their contents (3.870934ms)
✔ capacity contract requires matching host, effective kubelet reservation and withheld allocatable capacity (5.746252ms)
✔ quantity comparison is exact for Kubernetes CPU and memory units and rejects ambiguous precision (0.602216ms)
✔ actual Prism Helm render binds V3 producer, supervisor, NRI selection and only its role mounts (1377.033216ms)
✔ original statically built NRI executable reads the actual generated root-owned policy (6191.174227ms)
✔ runtime authority binds the actual kernel boot and cgroup namespace, and rejects stale or writable evidence (9.095319ms)
✖ actual native Prism CLI refuses invalid runtime and ordinary filesystem pools before durable admission (6111.67552ms)
✖ compiled original launcher refuses ordinary filesystems and cannot execute the requested program (666.009568ms)
ℹ tests 9
ℹ suites 0
ℹ pass 7
ℹ fail 2
ℹ cancelled 0
ℹ skipped 0
ℹ todo 0
ℹ duration_ms 8977.346051

✖ failing tests:

test at tests/verification/reliability/prism-native-startup.test.mts:35:1
✖ actual native Prism CLI refuses invalid runtime and ordinary filesystem pools before durable admission (6111.67552ms)
  AssertionError [ERR_ASSERTION]: The input did not match the regular expression /WORKER_NATIVE_ROOT_INVALID/. Input:
  
  'WORKER_NATIVE_SUPERVISOR_AUTHORITY_REQUIRED'
  
      at TestContext.<anonymous> (file:///workspace/scratch/9fa3b9b80bce/kubeclaw/tests/verification/reliability/prism-native-startup.test.mts:61:14)
      at Test.runInAsyncScope (node:async_hooks:227:14)
      at Test.run (node:internal/test_runner/test:1382:25)
      at Test.processPendingSubtests (node:internal/test_runner/test:960:18)
      at Test.postRun (node:internal/test_runner/test:1522:19)
      at Test.run (node:internal/test_runner/test:1447:12)
      at async startSubtestAfterBootstrap (node:internal/test_runner/harness:387:3) {
    generatedMessage: true,
    code: 'ERR_ASSERTION',
    actual: 'WORKER_NATIVE_SUPERVISOR_AUTHORITY_REQUIRED',
    expected: /WORKER_NATIVE_ROOT_INVALID/,
    operator: 'match',
    diff: 'simple'
  }

test at tests/verification/reliability/worker-native-launcher.test.mts:10:1
✖ compiled original launcher refuses ordinary filesystems and cannot execute the requested program (666.009568ms)
  Error: WORKER_NATIVE_SUPERVISOR_AUTHORITY_REQUIRED
      at requireNativeWorkerSupervisorAuthority (file:///workspace/scratch/9fa3b9b80bce/kubeclaw/skills/worker/core/worker/native-supervisor-authority.ts:9:69)
      at TestContext.<anonymous> (file:///workspace/scratch/9fa3b9b80bce/kubeclaw/tests/verification/reliability/worker-native-launcher.test.mts:17:5)
      at async Test.run (node:internal/test_runner/test:1389:7)
      at async startSubtestAfterBootstrap (node:internal/test_runner/harness:387:3)

exit_code=1
