✔ direct: actual optional phases require a complete claim reservation (240.190549ms)
✔ runtime: actual optional phases require a complete claim reservation (11.566849ms)
✔ real completion hooks and durable log finish successfully inside the reserved claim (162.027357ms)
✔ direct: final claim fence rejects completion after a native blocking hook (589.239505ms)
✔ runtime: final claim fence rejects completion after a native blocking hook (580.109463ms)
✔ timed out log hook receives cancellation and settles before result, without a later write (239.860947ms)
✔ uncooperative storage is reported unresolved rather than completed (172.935249ms)
✔ original executor preserves each UTF-8 byte split and rejects malformed/incomplete byte logs (271.12556ms)
✔ real Buster evidence I/O drains cancellation and does not publish a later artifact (67.677848ms)
✔ stdout and stderr streaming decoders retain separate partial byte sequences (26.200306ms)
✔ real CPU consumed only during cleanup is included in the terminal budget (602.903994ms)
✔ real CPU consumed only during finalize is included in the terminal budget (264.491063ms)
✔ early native CPU overrun still prevents optional report finalization (377.211296ms)
✔ missing final observation cannot reuse a successful early CPU sample (29.172889ms)
✔ successful native operation publishes its final cumulative sample (22.095893ms)
✔ V2 late native CPU overrun fails and retains exact accepted policy binding (440.283804ms)
✔ V2 missing final observation replaces earlier observations with unavailable facts (36.958383ms)
ℹ tests 17
ℹ suites 0
ℹ pass 17
ℹ fail 0
ℹ cancelled 0
ℹ skipped 0
ℹ todo 0
ℹ duration_ms 2932.769196
