file:///workspace/scratch/0d8f8ddb55c3/wave47-product/skills/buster/engine/test-gates/process-input.ts:72
    child.stdin.on('error', (error) => fail(new Error(`${options.prefix}_STDIN_FAILED`, { cause: error })));
                                            ^

Error: REPORT_ADAPTER_STDIN_FAILED
    at Socket.<anonymous> (file:///workspace/scratch/0d8f8ddb55c3/wave47-product/skills/buster/engine/test-gates/process-input.ts:72:45)
    at Socket.emit (node:events:509:28)
    at emitErrorNT (node:internal/streams/destroy:170:8)
    at emitErrorCloseNT (node:internal/streams/destroy:129:3)
    at process.processTicksAndRejections (node:internal/process/task_queues:90:21) {
  stdout: '',
  stderr: '',
  [cause]: Error: write EPIPE
      at afterWriteDispatched (node:internal/stream_base_commons:159:15)
      at writeGeneric (node:internal/stream_base_commons:150:3)
      at Socket._writeGeneric (node:net:1171:11)
      at Socket._write (node:net:1183:8)
      at writeOrBuffer (node:internal/streams/writable:570:12)
      at _write (node:internal/streams/writable:499:10)
      at Writable.end (node:internal/streams/writable:821:17)
      at Socket.end (node:net:942:31)
      at file:///workspace/scratch/0d8f8ddb55c3/wave47-product/skills/buster/engine/test-gates/process-input.ts:84:23
      at new Promise (<anonymous>) {
    errno: -32,
    code: 'EPIPE',
    syscall: 'write'
  }
}

Node.js v24.19.0
