✖ durable shutdown failure ownership: during (350.417119ms)
✖ durable shutdown failure ownership: after (191.00891ms)
✖ durable shutdown failure ownership: queued (198.32ms)
✔ durable shutdown failure ownership: healthy-terminal (335.489243ms)
ℹ Error: Test "durable shutdown failure ownership: queued" at tests/verification/reliability/buster-shutdown-storage.test.mts:12:73 generated asynchronous activity after the test ended. This activity created the error "Error: DURABLE_RECORD_SIZE_EXCEEDED" and would have caused the test to fail, but instead triggered an unhandledRejection event.
ℹ tests 4
ℹ suites 0
ℹ pass 1
ℹ fail 3
ℹ cancelled 0
ℹ skipped 0
ℹ todo 0
ℹ duration_ms 3905.840947

✖ failing tests:

test at tests/verification/reliability/buster-shutdown-storage.test.mts:12:73
✖ durable shutdown failure ownership: during (350.417119ms)
  AssertionError [ERR_ASSERTION]: Missing expected rejection.
      at process.processTicksAndRejections (node:internal/process/task_queues:104:5)
      at async TestContext.<anonymous> (file:///workspace/scratch/a51d993d444b/release-gate-review-84/tests/verification/reliability/buster-shutdown-storage.test.mts:70:5)
      at async Test.run (node:internal/test_runner/test:1389:7)
      at async startSubtestAfterBootstrap (node:internal/test_runner/harness:387:3) {
    generatedMessage: false,
    code: 'ERR_ASSERTION',
    actual: undefined,
    expected: /DURABLE_RECORD_SIZE_EXCEEDED/u,
    operator: 'rejects',
    diff: 'simple'
  }

test at tests/verification/reliability/buster-shutdown-storage.test.mts:12:73
✖ durable shutdown failure ownership: after (191.00891ms)
  Error: DURABLE_RECORD_SIZE_EXCEEDED
      at FileDurableRecordStore.transition (file:///workspace/scratch/a51d993d444b/release-gate-review-84/skills/common/plugin-runtime/foundation/observability/durable-records.ts:189:13)
      at FileBusterPlanJobStore.transition (file:///workspace/scratch/a51d993d444b/release-gate-review-84/skills/buster/engine/test-gates/remote-plan-service.ts:211:40)
      at process.processTicksAndRejections (node:internal/process/task_queues:104:5)
      at async #execute (file:///workspace/scratch/a51d993d444b/release-gate-review-84/skills/buster/engine/test-gates/remote-plan-service.ts:792:7)

test at tests/verification/reliability/buster-shutdown-storage.test.mts:12:73
✖ durable shutdown failure ownership: queued (198.32ms)
  Error: DURABLE_RECORD_SIZE_EXCEEDED
      at FileDurableRecordStore.transition (file:///workspace/scratch/a51d993d444b/release-gate-review-84/skills/common/plugin-runtime/foundation/observability/durable-records.ts:189:13)
      at FileBusterPlanJobStore.transition (file:///workspace/scratch/a51d993d444b/release-gate-review-84/skills/buster/engine/test-gates/remote-plan-service.ts:211:40)
      at process.processTicksAndRejections (node:internal/process/task_queues:104:5)
      at async #execute (file:///workspace/scratch/a51d993d444b/release-gate-review-84/skills/buster/engine/test-gates/remote-plan-service.ts:792:7)
