Unknown Buster pipeline argument(s): --bogus
Usage: buster-pipeline [--status|--help]

Options:
  --status  Print current Buster status as JSON
  --help    Print this help text
✔ package manifest exposes the Buster pipeline entrypoint as a runnable command (0.725089ms)
✔ parseBusterEntrypointArgs runs the pipeline with no extra arguments (0.135073ms)
✔ parseBusterEntrypointArgs rejects unknown arguments (0.318099ms)
✔ handleBusterEntrypoint exits nonzero for unknown arguments without running main (1.398096ms)
✔ handleBusterEntrypoint runs main with no extra arguments (0.157445ms)
✔ assertStartupResourceCleanupComplete reports and rejects incomplete startup cleanup (1.809717ms)
✔ recoverOrphanedActiveSession keeps persisted active-session files diagnostic-only without blocking startup (1.277414ms)
✔ recoverOrphanedActiveSession reports malformed active-session files without blocking startup (1.589192ms)
✔ runSuiteWithTimeout aborts suite subprocess work near the suite timeout (81.024754ms)
✔ suite verdict paths are namespaced by module and attempt (0.344389ms)
✔ detailed suite summary preserves the top failure reason (0.197445ms)
✔ build runtime host port is propagated to later suites (0.656837ms)
✔ collectReadySuites selects independent Buster suites and waits on declared dependencies (0.608826ms)
✔ perf report paths use per-run scratch and final artifacts (0.426132ms)
✔ perf report paths use a unique scratch path for each invocation (0.143554ms)
✔ perf report paths stay distinct even when modules share testsLogDir (0.263407ms)
[SUITE] [UNIT] Custom test_cmd set, skipping package.json check as explicit runner policy (mode: evidence-only)
[SUITE] [UNIT] Running: true (script: "true", timeout: 5000ms)
✔ runSuiteWithTimeout ignores late log mutations after timeout (146.620561ms)
[SUITE] [UNIT] Framework: unparsed_test_output — 1 passed, 0 failed, 0 skipped (exit: 0)
[SUITE] [UNIT] ✅ evidence-only: 1/1 passed, 0 failed (8ms)
[SUITE] [UNIT] Custom test_cmd set, skipping package.json check as explicit runner policy (mode: enforced)
[SUITE] [UNIT] Running: node -e process.exit(1) (script: "node -e process.exit(1)", timeout: 5000ms)
✔ runSuites writes JSONL suite logs when logDir is fresh (11.219206ms)
[SUITE] [UNIT] Framework: unparsed_test_output — 0 passed, 1 failed, 0 skipped (exit: 1)
[SUITE] [UNIT] ⚠️ enforced: 0/1 passed, 1 failed (24ms)
✔ runSuites treats enforced unit failures as critical (25.035549ms)
✔ runSuites treats every suite error as terminal critical failure (0.648667ms)
✔ runSuites treats rejected unit command configuration as critical (0.535194ms)
✔ BuildKit publishes once and returns immutable digest authority (2.457745ms)
[BUSTER-CAPABILITY] ignored unsafe durable operator alert target: logDir must not contain parent traversal
[BUSTER-CAPABILITY] ignored unsafe durable operator alert target: testsLogDir must not contain parent traversal
[BUSTER-CAPABILITY] ignored unsafe durable operator alert target: pipelineLogPath escapes repository root: /tmp/buster-capabilities-jLYACw/outside/operator-alerts.jsonl
[BUSTER-CAPABILITY] ignored unsafe durable operator alert target: pipelineRunLogPath must not contain parent traversal
✔ capability alerts ignore explicit context paths that escape the repository (3.514922ms)
✔ capability alerts still write repository-scoped context targets (1.068968ms)
✔ capability alerts allow absolute context targets inside the repository (0.946325ms)
✔ discord fields facade exposes the runtime field builders (46.459563ms)
✔ sendDiscord rejects file attachments instead of silently dropping them (84.925887ms)
✔ failed Discord audit target does not prevent later target write (65.919637ms)
✔ sendDiscord derives readable actionability from notification fields (1.954532ms)
✔ sendDiscord writes run-scoped delivery receipts for Buster progress notifications (12.52375ms)
{"schema_version":"runtime_log.v1","timestamp":"2026-07-28T21:13:39.946Z","level":"info","component":"buster/pipeline","tag":"GATEWAY-HEALTH","message":"Waiting for gateway readiness (max 120s)","work_id":null,"work_type":null,"attempt":null,"dispatch_id":null,"session_id":null,"step":"","task_type":"gateway-health"}
{"schema_version":"runtime_log.v1","timestamp":"2026-07-28T21:13:39.947Z","level":"error","component":"buster/pipeline","tag":"GATEWAY-HEALTH","message":"Gateway not ready within timeout; starting structured shutdown","work_id":null,"work_type":null,"attempt":null,"dispatch_id":null,"session_id":null,"step":"","task_type":"gateway-health"}
{"schema_version":"runtime_log.v1","timestamp":"2026-07-28T21:13:39.949Z","level":"warn","component":"buster/pipeline","tag":"GATEWAY-HEALTH","message":"Gateway health check failed","work_id":null,"work_type":null,"attempt":null,"dispatch_id":null,"session_id":null,"step":"","task_type":"gateway-health","data":{"consecutiveFailures":1,"maxFailures":3}}
{"schema_version":"runtime_log.v1","timestamp":"2026-07-28T21:13:39.949Z","level":"warn","component":"buster/pipeline","tag":"GATEWAY-HEALTH","message":"Gateway health check failed","work_id":null,"work_type":null,"attempt":null,"dispatch_id":null,"session_id":null,"step":"","task_type":"gateway-health","data":{"consecutiveFailures":2,"maxFailures":3}}
{"schema_version":"runtime_log.v1","timestamp":"2026-07-28T21:13:39.950Z","level":"warn","component":"buster/pipeline","tag":"GATEWAY-HEALTH","message":"Gateway health check failed","work_id":null,"work_type":null,"attempt":null,"dispatch_id":null,"session_id":null,"step":"","task_type":"gateway-health","data":{"consecutiveFailures":3,"maxFailures":3}}
{"schema_version":"runtime_log.v1","timestamp":"2026-07-28T21:13:39.950Z","level":"error","component":"buster/pipeline","tag":"GATEWAY-HEALTH","message":"Gateway unreachable; starting structured shutdown","work_id":null,"work_type":null,"attempt":null,"dispatch_id":null,"session_id":null,"step":"","task_type":"gateway-health"}
{"schema_version":"runtime_log.v1","timestamp":"2026-07-28T21:13:39.951Z","level":"warn","component":"buster/pipeline","tag":"GATEWAY-HEALTH","message":"Gateway health check threw","work_id":null,"work_type":null,"attempt":null,"dispatch_id":null,"session_id":null,"step":"","task_type":"gateway-health","data":{"detail":"Gateway URL is required; provide gatewayUrl or OPENCLAW_GATEWAY_URL"}}
{"schema_version":"runtime_log.v1","timestamp":"2026-07-28T21:13:39.951Z","level":"warn","component":"buster/pipeline","tag":"GATEWAY-HEALTH","message":"Gateway health check failed","work_id":null,"work_type":null,"attempt":null,"dispatch_id":null,"session_id":null,"step":"","task_type":"gateway-health","data":{"consecutiveFailures":1,"maxFailures":3}}
{"schema_version":"runtime_log.v1","timestamp":"2026-07-28T21:13:39.951Z","level":"warn","component":"buster/pipeline","tag":"GATEWAY-HEALTH","message":"Gateway health check threw","work_id":null,"work_type":null,"attempt":null,"dispatch_id":null,"session_id":null,"step":"","task_type":"gateway-health","data":{"detail":"Gateway URL is required; provide gatewayUrl or OPENCLAW_GATEWAY_URL"}}
{"schema_version":"runtime_log.v1","timestamp":"2026-07-28T21:13:39.952Z","level":"warn","component":"buster/pipeline","tag":"GATEWAY-HEALTH","message":"Gateway health check failed","work_id":null,"work_type":null,"attempt":null,"dispatch_id":null,"session_id":null,"step":"","task_type":"gateway-health","data":{"consecutiveFailures":2,"maxFailures":3}}
{"schema_version":"runtime_log.v1","timestamp":"2026-07-28T21:13:39.952Z","level":"warn","component":"buster/pipeline","tag":"GATEWAY-HEALTH","message":"Gateway health check threw","work_id":null,"work_type":null,"attempt":null,"dispatch_id":null,"session_id":null,"step":"","task_type":"gateway-health","data":{"detail":"Gateway URL is required; provide gatewayUrl or OPENCLAW_GATEWAY_URL"}}
{"schema_version":"runtime_log.v1","timestamp":"2026-07-28T21:13:39.952Z","level":"warn","component":"buster/pipeline","tag":"GATEWAY-HEALTH","message":"Gateway health check failed","work_id":null,"work_type":null,"attempt":null,"dispatch_id":null,"session_id":null,"step":"","task_type":"gateway-health","data":{"consecutiveFailures":3,"maxFailures":3}}
{"schema_version":"runtime_log.v1","timestamp":"2026-07-28T21:13:39.952Z","level":"error","component":"buster/pipeline","tag":"GATEWAY-HEALTH","message":"Gateway unreachable; starting structured shutdown","work_id":null,"work_type":null,"attempt":null,"dispatch_id":null,"session_id":null,"step":"","task_type":"gateway-health"}
✔ startGatewayHealthMonitor returns the interval handle so callers can clear it (94.367245ms)
✔ waitForGateway without shutdown throws a structured gateway timeout error (2.906046ms)
✔ startGatewayHealthMonitor without shutdown throws a structured health failure error (2.524937ms)
✔ startGatewayHealthMonitor treats thrown health checks as failures (2.601889ms)
✔ gitPushWithRetry rejects unsafe branch names before git commands (1.417898ms)
✔ gitPushWithRetry accepts a normal branch name (104.232575ms)
✔ gitPushWithRetry bootstraps repo-local git identity when missing (132.676384ms)
✔ gitPushWithRetry returns without commit when scoped add stages nothing (83.287384ms)
✔ gitPushWithRetry auto-resolves scoped rebase conflicts in favor of local Buster output (253.746242ms)
✔ gitSync verifies and returns the full HEAD hash (61.982742ms)
✔ gitSync preserves tracked runtime state while resetting source files (114.154306ms)
✔ image references require explicit registry authority (1.246363ms)
{"schema_version":"runtime_log.v1","timestamp":"2026-07-28T21:13:40.173Z","level":"info","component":"buster/pipeline","tag":"GIT","message":"after sync","work_id":"02-nginx","work_type":"module","attempt":null,"dispatch_id":null,"session_id":null,"step":"","task_type":"module_test"}
✔ Buster logger recreates module log directory if git sync removed it after construction (2.28839ms)
✔ writeBusterOutputFile records task completion identity (2.183808ms)
✔ resolveBusterAgentResult rejects a stale terminal output_file identity (0.903204ms)
✔ clearBusterOutputFile removes stale target artifact before a new task run (0.626667ms)
✔ resolveBusterAgentResult accepts child-written output_file as agent verdict without pipeline identity (1.079558ms)
✔ ensureBusterOutputFile wraps child agent verdict in canonical task output (1.401736ms)
✔ resolveBusterAgentResult keeps current output_file authority over later session cleanup failure (0.722749ms)
✔ ensureBusterOutputFile refuses a stale terminal output_file identity (0.622796ms)
✔ ensureBusterOutputFile lets supervisor-owned session failures replace stale child output (5.973118ms)
✔ suite results embed uses PASS/FAIL operator wording (0.496863ms)
✔ suite results embed explains suite-only Buster completion (0.244127ms)
✔ suite results embed explains Buster agent spawn after deterministic suites (0.142494ms)
✔ session spawn embed names the Buster role (0.172084ms)
✔ session complete embed names output contract failures (0.188655ms)
✔ buildProbeMonitorOptions preserves gateway credentials supplied through acpMonitorConfig (0.601905ms)
✔ runtime cleanup state tracks only namespace leases (1.962541ms)
✔ runtime cleanup state is rooted in the canonical repository workspace (0.39023ms)
✔ resolveDiscordWebhookUrl returns a non-empty string override (0.73876ms)
✔ resolveDiscordWebhookUrl falls back when override is empty (0.184545ms)
✔ resolveDiscordWebhookUrl ignores truthy non-string overrides and legacy webhook env (0.175125ms)
✔ resolveDiscordWebhookUrl returns null without string override or env (0.142814ms)
✔ Buster completion record carries payload session identity (1.094709ms)
✔ Buster completion signal rejects stale output_file identity before Redis completion (1.955512ms)
✔ Buster completion signal writes supervisor-owned session failure over stale child output (1.685214ms)
✔ Buster completion signal writes deterministic suite PASS artifact without child spawn (1.86974ms)
✔ Buster completion signal does not emit Redis when output_file verify fails (1.706675ms)
✔ publishTaskCompletionWithArtifact writes and verifies output_file before Redis completion (2.830065ms)
✔ publishTaskCompletionWithArtifact rejects failed output_file verification without Redis completion (0.520614ms)
✔ publishTaskCompletionWithArtifact emits failed completion for output_file contract failure (0.336819ms)
✔ ensureTaskTerminalBeforeAck dead-letters non-terminal process results instead of synthesizing completion (0.708548ms)
✔ ensureTaskTerminalBeforeAck dead-letters missing completion_stream before ACK (0.308938ms)
✔ appendPreTestResultsToPrompt injects authoritative suite context and no-rebuild guidance (0.824332ms)
✔ appendPreTestResultsToPrompt places authoritative suite context before test instructions (0.121843ms)
✔ resolveAgentJudgmentPolicy defaults deterministic-suite tasks to no child agent (0.143004ms)
✔ resolveAgentJudgmentPolicy requires explicit boolean when configured (0.334079ms)
✔ spawnTaskSession forwards thinking_level from Redis payload into spawnSession (1.821168ms)
✔ publishTaskOutcome normalizes monitor hard-timeout results (1.015047ms)
✔ publishTaskOutcome lets late valid output_file win over monitor hard-timeout (0.919294ms)
✔ publishTaskOutcome preserves terminal session errors instead of output_file_missing (0.548765ms)
✔ publishTaskOutcome accepts child-written output_file as agent verdict (0.469742ms)
✔ publishTaskOutcome accepts current output_file despite terminal cleanup error (0.470503ms)
✔ monitorTaskSession clears active session when termination after monitor error throws (0.560464ms)
✔ killTaskSession clears active session when terminateSession throws (0.540764ms)
Preparing worktree (new branch 'module-02')
✔ validateBusterTaskPayload accepts session.cwd in the current repository (2.184598ms)
✔ validateBusterTaskPayload accepts session.cwd in a linked module worktree (91.239853ms)
✔ validateBusterTaskPayload accepts canonical kubernetes capability (1.221672ms)
✔ validateBusterTaskPayload rejects unsupported capability names (0.481523ms)
✔ validateBusterTaskPayload rejects absolute session.cwd outside the current repository (17.222684ms)
✔ validateBusterTaskPayload rejects parent-traversing session.cwd (0.493713ms)
✔ validateBusterTaskPayload requires typed test_config suite timeout policy (0.272488ms)
✔ validateBusterTaskPayload rejects shorthand serve image references (1.006887ms)
✔ validateBusterTaskPayload requires completion_stream identity (0.215026ms)
✔ validateBusterTaskPayload accepts the canonical agent_judgment policy shape (0.478822ms)
✔ validateBusterTaskPayload rejects malformed agent_judgment policy (0.649157ms)
[buster-telemetry] Buster telemetry payload invalid for 'plugin.event.token=supersecretvalue123456' (classification=telemetry_payload_invalid): Invalid telemetry payload for 'plugin.event.token=supersecretvalue123456': eventType 'plugin.event.token=supersecretvalue123456' is not registered in the contract catalog
[buster-telemetry] Buster telemetry restore backfill failed; keeping artifact-only signal (classification=restored_backfill_failed): restored write failed
✔ payload fields cannot override canonical telemetry envelope fields (4.369995ms)
✔ invalid telemetry degraded artifact preserves validation diagnostics (2.127816ms)
✔ redis degraded artifact preserves runtime error detail (1.065358ms)
✔ failed restored redis write keeps degradation pending for retry (2.542557ms)
✔ concurrent redis emits publish one restored event (1.336935ms)
[SUITE] [API] Running 1 tests from /home/node/.openclaw/workspace/git-repo/.swarm/api-suite-test/3222878/default-header-auth/api.json (mode: enforced)
[SUITE] [API] Auth setup: POST http://localhost:38125/auth
[SUITE] [API] Auth setup OK — token obtained (path: token)
[SUITE] [API]   ✅ protected endpoint (2ms)
[SUITE] [API] ✅ enforced: 1/1 passed, 0 failed (28ms)
[SUITE] [API] Running 1 tests from /home/node/.openclaw/workspace/git-repo/.swarm/api-suite-test/3222878/missing-default-header-var/api.json (mode: enforced)
[SUITE] [API]   ❌ protected endpoint (0ms)
[SUITE] [API] ⚠️ enforced: 0/1 passed, 1 failed (1ms)
[SUITE] [API] Running 1 tests from /home/node/.openclaw/workspace/git-repo/.swarm/api-suite-test/3222878/override-default-header-var/api.json (mode: enforced)
✔ apiSuite interpolates templated default headers from auth setup variables (30.74547ms)
✔ apiSuite reports missing template variables in default headers (0.940035ms)
[SUITE] [API]   ✅ public override (5ms)
[SUITE] [API] ✅ enforced: 1/1 passed, 0 failed (5ms)
✔ apiSuite lets per-test headers override templated default headers before variable checks (6.794629ms)
✔ buildSuite rejects secretKeyRef satisfied by a differently named secret_yaml (2.429844ms)
✔ buildSuite rejects shorthand Dockerfile FROM images before BuildKit (1.073518ms)
✔ Dockerfile validation accepts only explicit registry authority (0.894714ms)
[SUITE] [HEALTH] Checking http://localhost:4321/left (retries=1, timeout=10000ms)
[SUITE] [HEALTH] Checking http://localhost:4321/right (retries=1, timeout=10000ms)
[SUITE] [HEALTH] ✅ 200 in 27ms
[SUITE] [HEALTH] ✅ 200 in 40ms
✔ healthSuite keeps concurrent log sinks isolated per invocation (41.975946ms)
✔ renderManifestForK8sSuite rejects cluster-scoped manifests (11.243097ms)
✔ renderManifestForK8sSuite rejects cluster-scoped manifests inside lists (0.405611ms)
✔ renderManifestForK8sSuite still rewrites namespaced manifests (1.91111ms)
✔ renderManifestForK8sSuiteWithStats reports zero image matches (0.462222ms)
✔ renderManifestForK8sSuite does not rewrite substring image collisions (0.491053ms)
✔ buildK8sSuiteNamespace normalizes unsafe project names (0.279418ms)
✔ buildK8sSuiteNamespace truncates project segment while preserving suffix (0.184814ms)
✔ buildLocalServiceHealthUrl points service checks at the local port-forward (0.144173ms)
✔ task-scoped service port-forward starts and stops its kubectl subprocess (1032.77098ms)
✔ shouldUsePortForwardHealthCheck skips port-forward for final-preview Tailscale exposure (0.327229ms)
✔ resolveK8sLocalRegistry requires deployment-provided registry authority (0.253877ms)
✔ validateK8sServicePort accepts only Kubernetes service port integers (0.092003ms)
✔ normalizeTestCredentialSpecs keeps only explicit app test credential keys (0.928235ms)
✔ kubectlOutputLooksLikeHtml identifies proxy HTML responses (0.114673ms)
✔ buildBusterNamespaceLease builds canonical namespace controller object (0.546464ms)
[SUITE] [MANIFEST] Loaded deployment YAML: /home/node/.openclaw/workspace/git-repo/.swarm/manifest-suite-test/3222912/multi-doc.yaml
[SUITE] [MANIFEST] kind: Deployment ✓
[SUITE] [MANIFEST] Required env vars: OK ✓
[SUITE] [MANIFEST] Secret refs: OK ✓
[SUITE] [MANIFEST] imagePullSecrets: OK ✓
[SUITE] [MANIFEST] Probes: OK ✓
[SUITE] [MANIFEST] Resource limits: OK ✓
[SUITE] [MANIFEST] ✅ Manifest validation passed (0 informational findings)
[SUITE] [MANIFEST] Loaded deployment YAML: /home/node/.openclaw/workspace/git-repo/.swarm/manifest-suite-test/3222912-enforced/enforced.yaml
[SUITE] [MANIFEST] kind: Deployment ✓
[SUITE] [MANIFEST] Required env vars: OK ✓
[SUITE] [MANIFEST] Secret refs: OK ✓
[SUITE] [MANIFEST] imagePullSecrets: OK ✓
[SUITE] [MANIFEST] Probes: OK ✓
[SUITE] [MANIFEST] Resource limits: OK ✓
[SUITE] [MANIFEST] ✅ Manifest validation passed (0 informational findings)
[SUITE] [MANIFEST] Loaded deployment YAML: /home/node/.openclaw/workspace/git-repo/.swarm/manifest-suite-test/3222912-multi-finding/missing-env.yaml
[SUITE] [MANIFEST] kind: Deployment ✓
[SUITE] [MANIFEST] Secret refs: OK ✓
[SUITE] [MANIFEST] imagePullSecrets: OK ✓
[SUITE] [MANIFEST] Probes: OK ✓
[SUITE] [MANIFEST] Resource limits: OK ✓
[SUITE] [MANIFEST] ❌ Manifest validation FAIL: 2 critical, 0 serious, 2 total
✔ manifestSuite validates a Deployment after a Service in multi-document YAML (13.64673ms)
✔ manifestSuite reports explicit enforced mode without requiring max_issues threshold (1.113719ms)
✔ manifestSuite counts failed validation categories, not individual findings (0.895674ms)
[SUITE] [PERF] Auditing http://localhost:4321/slow (mode: evidence-only)
[SUITE] [PERF] Auditing http://localhost:4321/fast (mode: evidence-only)
[SUITE] [PERF] Scores: performance=91, accessibility=91, best-practices=91, seo=91
[SUITE] [PERF] ✅ evidence-only: 4/4 (63ms)
[SUITE] [PERF] Scores: performance=11, accessibility=11, best-practices=11, seo=11
[SUITE] [PERF] ✅ evidence-only: 4/4 (128ms)
✔ perfSuite isolates concurrent Lighthouse scratch reports (129.202372ms)
[SUITE] [TAILSCALE-PREVIEW] preview-target: k8s: preview=https://preview.tail.example.ts.net/ content=http://app.test.svc.cluster.local/
[SUITE] [TAILSCALE-PREVIEW] preview-health-check: Preview content target served 17 byte(s) containing "REAL_E2E_NGINX_OK"
[SUITE] [TAILSCALE-PREVIEW] static-surface-checks: Served 2 static surface(s): /content/branch-a.html, /assets/branch-b.css
✔ resolveTailscalePreviewTarget consumes passed k8s suite metadata explicitly (1.293234ms)
✔ resolveTailscalePreviewTarget requires k8s suite metadata for k8s source (0.332279ms)
✔ resolveTailscalePreviewTarget supports explicit preview URL source (0.161584ms)
✔ tailscale preview suite persists static surface production evidence (19.381481ms)
[SUITE] [UNIT] Custom test_cmd set, skipping package.json check as explicit runner policy (mode: evidence-only)
[SUITE] [UNIT] Running: node -e process.exit(2) (script: "node -e process.exit(2)", timeout: 60000ms)
[SUITE] [UNIT] Framework: unparsed_test_output — 0 passed, 1 failed, 0 skipped (exit: 2)
[SUITE] [UNIT] ⚠️ evidence-only: 0/1 passed, 1 failed (30ms)
[SUITE] [UNIT] Custom test_cmd set, skipping package.json check as explicit runner policy (mode: evidence-only)
[SUITE] [UNIT] Running: node -e console.error("REAL_E2E_EXPECTED_BUSTER_GATE_FAILURE"); process.exit(1) (script: "node -e console.error("REAL_E2E_EXPECTED_BUSTER_GATE_FAILURE"); process.exit(1)", timeout: 60000ms)
✔ unitSuite preserves custom command exit code metadata (31.151171ms)
[SUITE] [UNIT] Framework: unparsed_test_output — 0 passed, 1 failed, 0 skipped (exit: 1)
[SUITE] [UNIT] ⚠️ evidence-only: 0/1 passed, 1 failed (29ms)
[SUITE] [UNIT] Custom test_cmd set, skipping package.json check as explicit runner policy (mode: enforced)
[SUITE] [UNIT] Running: node -e console.log(JSON.stringify({ ok: true, checked: ["branch-a", "branch-b", "resources"] })) (script: "node -e console.log(JSON.stringify({ ok: true, checked: ["branch-a", "branch-b", "resources"] }))", timeout: 60000ms)
✔ unitSuite includes custom command stderr in generic failure finding (29.26657ms)
[SUITE] [UNIT] Framework: fixture_json — 3 passed, 0 failed, 0 skipped (exit: 0)
[SUITE] [UNIT] ✅ enforced: 3/3 passed, 0 failed (26ms)
✔ unitSuite parses fixture JSON output into checked assertion counts (26.371245ms)
[SUITE] [HEALTH] Checking http://localhost:4321/ (retries=3, timeout=10000ms)
[SUITE] [HEALTH] ✅ 200 in 18ms
[SUITE] [HEALTH] Smoke HTTP: http://localhost:4321/content/branch-a.html
[SUITE] [HEALTH] Checking http://localhost:4321/ (retries=3, timeout=10000ms)
[SUITE] [HEALTH] ✅ 200 in 0ms
[SUITE] [HEALTH] Smoke HTTP: http://localhost:4321/content/branch-a.html
✔ a11ySuite rejects authority-like paths before browser work (1.106149ms)
✔ healthSuite rejects escaped health and smoke paths before fetch (0.443631ms)
✔ healthSuite validates smoke paths with HTTP checks only (20.031697ms)
✔ healthSuite fails smoke checks when expected response text is missing (0.713028ms)
✔ securitySuite rejects escaped paths before fetch (0.496423ms)
✔ buildLocalhostSuiteUrl allows at signs inside localhost paths (0.148464ms)
✔ buildLocalhostSuiteUrl rejects ports before constructing the localhost base URL (0.421181ms)
[SUITE] [VISUAL-REG] Baseline dir: /home/node/.openclaw/workspace/git-repo/.swarm/modules/dup-visual-reg-3222986/baselines (mode: evidence-only)
[SUITE] [VISUAL-REG] Contract failure: visual-reg paths.json contains duplicate route name: home
[SUITE] [VISUAL-REG] Baseline dir: /home/node/.openclaw/workspace/git-repo/.swarm/modules/discord-skip-visual-reg-3222986/baselines (mode: evidence-only)
[SUITE] [VISUAL-REG] Contract failure: visual-reg paths.json contains duplicate route name: home
[SUITE] [VISUAL-REG] Baseline dir: /home/node/.openclaw/workspace/git-repo/.swarm/modules/sink-isolation-3222986-1785273222794-a/baselines (mode: evidence-only)
[SUITE] [VISUAL-REG] Baseline dir: /home/node/.openclaw/workspace/git-repo/.swarm/modules/sink-isolation-3222986-1785273222794-b/baselines (mode: evidence-only)
[SUITE] [VISUAL-REG] ⚠️ evidence-only: 0/1 passed (1ms)
[SUITE] [VISUAL-REG] ⚠️ evidence-only: 0/1 passed (1ms)
✔ runVisualReg rejects duplicate route names in paths.json before screenshots (2.750402ms)
✔ runVisualReg treats missing Discord media capability as noncritical delivery skip (0.646047ms)
✔ runVisualReg keeps log sinks isolated across concurrent async runs (2.400394ms)
✔ summarizeDiscordDelivery reports capability-skipped delivery as skipped noncritical metadata (0.186625ms)
✔ resolveVisualRegOverallStatus keeps execution errors above enforced diff failures (0.132763ms)
✔ Buster Redis tool: resolves immediately when Redis is ready (0.74973ms)
✔ Buster Redis tool: rejects when Redis emits error before ready (0.611567ms)
✔ Buster Redis tool: rejects when Redis emits end before ready (0.180834ms)
✔ Buster Redis tool: rejects when Redis emits close before ready (0.172474ms)
✔ Buster Redis tool: rejects when Redis never becomes ready (4.616872ms)
✔ send CLI keeps human Redis dispatch diagnostics off stdout (0.287848ms)
✔ parseBaselineRoutes preserves explicit route paths when names differ (1.625632ms)
✔ parseBaselineRoutes rejects missing or non-root-relative paths (0.916484ms)
hint: Using 'master' as the name for the initial branch. This default branch name
hint: is subject to change. To configure the initial branch name to use in all
hint: of your new repositories, which will suppress this warning, call:
hint: 
hint: 	git config --global init.defaultBranch <name>
hint: 
hint: Names commonly chosen instead of 'master' are 'main', 'trunk' and
hint: 'development'. The just-created branch can be renamed via this command:
hint: 
hint: 	git branch -m <name>
hint: Using 'master' as the name for the initial branch. This default branch name
hint: is subject to change. To configure the initial branch name to use in all
hint: of your new repositories, which will suppress this warning, call:
hint: 
hint: 	git config --global init.defaultBranch <name>
hint: 
hint: Names commonly chosen instead of 'master' are 'main', 'trunk' and
hint: 'development'. The just-created branch can be renamed via this command:
hint: 
hint: 	git branch -m <name>
To /tmp/verify-task-scoped-artifact-vBmD1B/origin.git
 * [new branch]      main -> main
hint: Using 'master' as the name for the initial branch. This default branch name
hint: is subject to change. To configure the initial branch name to use in all
hint: of your new repositories, which will suppress this warning, call:
hint: 
hint: 	git config --global init.defaultBranch <name>
hint: 
hint: Names commonly chosen instead of 'master' are 'main', 'trunk' and
hint: 'development'. The just-created branch can be renamed via this command:
hint: 
hint: 	git branch -m <name>
To /tmp/verify-task-buster-explicit-paths-R5GDBn/origin.git
 * [new branch]      main -> main
hint: Using 'master' as the name for the initial branch. This default branch name
hint: is subject to change. To configure the initial branch name to use in all
hint: of your new repositories, which will suppress this warning, call:
hint: 
hint: 	git config --global init.defaultBranch <name>
hint: 
hint: Names commonly chosen instead of 'master' are 'main', 'trunk' and
hint: 'development'. The just-created branch can be renamed via this command:
hint: 
hint: 	git branch -m <name>
To /tmp/verify-task-buster-retry-rebase-tBrDyE/origin.git
 * [new branch]      main -> main
Cloning into 'other'...
done.
To /tmp/verify-task-buster-retry-rebase-tBrDyE/origin.git
   69da95b..61ced16  HEAD -> main
hint: Using 'master' as the name for the initial branch. This default branch name
hint: is subject to change. To configure the initial branch name to use in all
hint: of your new repositories, which will suppress this warning, call:
hint: 
hint: 	git config --global init.defaultBranch <name>
hint: 
hint: Names commonly chosen instead of 'master' are 'main', 'trunk' and
hint: 'development'. The just-created branch can be renamed via this command:
hint: 
hint: 	git branch -m <name>
To /tmp/verify-task-noop-scope-nRa0gi/origin.git
 * [new branch]      main -> main
✔ parsePorcelainStatusPaths preserves both paths for staged renames (1.327745ms)
✔ parsePorcelainStatusPaths preserves both paths for copies (0.136123ms)
✔ parsePorcelainStatusPaths keeps normal paths with spaces (0.128744ms)
✔ parsePorcelainStatusPaths tolerates trimmed leading status whitespace (0.136994ms)
✔ cleanupForbiddenFile unstages and deletes staged additions absent from HEAD (86.536149ms)
✔ verifyAndPush commits scoped swarm artifact despite unrelated dirty repo files (170.795368ms)
✔ verifyAndPush with explicit Buster paths does not publish stale Forge completion (166.881125ms)
✔ verifyAndPush rebases newer scoped Buster output over prior attempt output (244.265202ms)
✔ verifyAndPush treats empty scoped stage as success without push (68.34029ms)
[Audit] 📸 Starting headless audit (image) of https://example.test/a...
[Audit] 📸 Starting headless audit (image) of https://example.test/b...
[Audit] ✅ image sent successfully.
[Audit] ✅ image sent successfully.
✔ visualAudit uses unique temp directories for concurrent fixed-time image audits (26.166109ms)
ℹ tests 164
ℹ suites 0
ℹ pass 164
ℹ fail 0
ℹ cancelled 0
ℹ skipped 0
ℹ todo 0
ℹ duration_ms 4655.904649
