
> test
> npm run build && node tests/package-boundary.test.mjs && node --experimental-strip-types tests/live-function.test.ts


> build
> tsc -p tsconfig.json

{"ok":true,"plugin":"kubeclaw.git-workspace","suite":"package-boundary"}
{"ok":true,"plugin":"kubeclaw.git-workspace","suite":"live-function"}
hint: Using 'master' as the name for the initial branch. This default branch name
hint: is subject to change. To configure the initial branch name to use in all
hint: of your new repositories, which will suppress this warning, call:
hint: 
hint: 	git config --global init.defaultBranch <name>
hint: 
hint: Names commonly chosen instead of 'master' are 'main', 'trunk' and
hint: 'development'. The just-created branch can be renamed via this command:
hint: 
hint: 	git branch -m <name>
To /tmp/kubeclaw-git-workspace-jecxOx/origin.git
 * [new branch]      main -> main
Already on 'main'
To /tmp/kubeclaw-git-workspace-jecxOx/origin.git
   3365ed9..f382e0a  main -> main
Switched to a new branch 'merge-source'
