
> docs:check
> npm run docs:check:generated && node scripts/docs-check.mjs && npm run docs:check:refs && npm run docs:check:coverage


> docs:check:generated
> npm run plugin-system:inventory:check && npm run docs:inventory:check && npm run docs:generate:check


> plugin-system:inventory:check
> node scripts/plugin-system-inventory.mjs --check

plugin-system inventory is current (1474 files, 0 unclassified)

> docs:inventory:check
> node scripts/docs-inventory.mjs --check

docs inventory is current

> docs:generate:check
> node scripts/docs-generate.mjs --check

generated reference docs are current
docs check passed (148 active markdown files)

> docs:check:refs
> node scripts/docs-check-refs.mjs

docs reference check passed (266 local links, 3082 repository path refs)

> docs:check:coverage
> node scripts/docs-check-coverage.mjs

docs coverage check passed (docs/DOCUMENTATION_TOPIC_MAP.md topic-map references are current)
