✔ independent semantic authority covers module-only, final-only, both and neither graph roundtrips (2342.998099ms)
✔ new semantic graph rejects mixed, unsupported, partial and stray Summary mode without changing stored bytes (1308.138201ms)
{"boundary":"direct owners only","en":"en-US","cs":"cs-CZ","portable":{"policy":"sha256:6e5ebe5e2d895aeea96acf75b313e2e54efc18ef5d83771e9e13634f7acb34c1","sources":[{"kind":"built_in","digest":"sha256:790c161d02be982701239fdf51ee7c754e56eba638cdf8718cfc94fd6c87d837"},{"kind":"settings_file","digest":"sha256:6e5ebe5e2d895aeea96acf75b313e2e54efc18ef5d83771e9e13634f7acb34c1"}],"facts":{"kind":"simplification-facts","digest":"sha256:df922bc6ac4f75b240c5872e8cd009a601682cb422aa27cfa083170dda50f1db","content":"{\"facts\":[{\"basis\":\"load at source offset 0 only forwards the same parameters to repository.load and returns its result.\",\"confidence\":\"high\",\"estimatedNetLocReduction\":1,\"factId\":\"forwarding.f2acff6092d962bd\",\"path\":\"src/service.ts\",\"ruleId\":\"SIM002\",\"smallestReplacement\":\"Call repository.load directly unless load owns a documented policy or compatibility boundary.\",\"symbol\":\"load\"}],\"revision\":{\"base\":\"1111111111111111111111111111111111111111\",\"changedManifestDigest\":\"sha256:de710ca7d8ae2863f99f1f0dfea413648c9d7e58bbe6b392017b081647e2a919\",\"head\":\"2222222222222222222222222222222222222222\"},\"schemaVersion\":\"simplification-facts.v1\"}","encoding":"kubeclaw-json.utf16.v1"},"manifest":{"kind":"simplification-candidates","digest":"sha256:e52e513764193494acb483841c705d89fd8a7220f9f329b982c04488c0de5a24","content":"{\"candidates\":[{\"basis\":\"load at source offset 0 only forwards the same parameters to repository.load and returns its result.\",\"candidateId\":\"sha256:45b96711fb96c5e58986827d0ce1d3c3711658a1f74abaeed2d54355cc891995\",\"category\":\"shrink\",\"confidence\":\"high\",\"estimatedNetLocReduction\":1,\"path\":\"src/service.ts\",\"ruleId\":\"SIM002\",\"smallestReplacement\":\"Call repository.load directly unless load owns a documented policy or compatibility boundary.\",\"source\":{\"digest\":\"sha256:df922bc6ac4f75b240c5872e8cd009a601682cb422aa27cfa083170dda50f1db\",\"factId\":\"forwarding.f2acff6092d962bd\",\"kind\":\"simplification-facts\"},\"symbol\":\"load\"}],\"diagnostics\":[],\"registryVersion\":\"simplification-rules.v1\",\"revision\":{\"base\":\"1111111111111111111111111111111111111111\",\"changedManifestDigest\":\"sha256:de710ca7d8ae2863f99f1f0dfea413648c9d7e58bbe6b392017b081647e2a919\",\"head\":\"2222222222222222222222222222222222222222\"},\"schemaVersion\":\"simplification-candidate-manifest.v1\"}","encoding":"kubeclaw-json.utf16.v1"},"candidateIds":["sha256:45b96711fb96c5e58986827d0ce1d3c3711658a1f74abaeed2d54355cc891995"]}}
✔ protocol snapshot owner guards reject Proxy/getter before any new bundle reflection (6.663526ms)
✔ explicit policy provenance verifies every source, rejects cloned and mismatched authority, and retains omitted API bytes (26.734897ms)
✔ policy owner rejects Proxy/getter/exotic JSON before invoking traps or accessors (1.494659ms)
✔ generated evidence keeps v1 values and candidate IDs, with separately verified byte codec and mode-bound private certificate (27.678824ms)
✔ reduction certifier keeps old public shape and binds the expected policy mode privately (35.140398ms)
✔ actual stored-candidate parser consumers check evidence bytes and mode, not the private producer certificate (24.622732ms)
✔ direct original policy and evidence owners in genuine en/cs processes are portable only under explicit mode (not a Core lifecycle gate) (1997.796653ms)
{"phase":"produce","locale":"en_US.UTF-8","status":0,"stdout":"{\"phase\":\"produce\",\"locale\":\"en-US\",\"summaryDigest\":\"sha256:adee836993c1cd9c9ff09d496bdba1dffb285088fb4fd0caa3fe9dee0dc11830\",\"bundleDigest\":\"sha256:8d926ce67fd4bc06a6265e40fd13bee868cccdb0db7581ba0ffc71a8133ca436\",\"actualCore\":true,\"actualArtifactStore\":true,\"artifactContractFixture\":true,\"freshPolicyProduction\":false}\n","stderr":""}
{"phase":"read-en","locale":"en_US.UTF-8","status":0,"stdout":"{\"phase\":\"read-en\",\"locale\":\"en-US\",\"summaryDigest\":\"sha256:adee836993c1cd9c9ff09d496bdba1dffb285088fb4fd0caa3fe9dee0dc11830\",\"samePersistedDigest\":true,\"actualCore\":true,\"actualArtifactStore\":true,\"wrongModeAndEncodingRejected\":true,\"providerExecution\":false}\n","stderr":""}
{"phase":"read-cs","locale":"cs_CZ.UTF-8","status":1,"stdout":"","stderr":"node:internal/modules/run_main:107\n    triggerUncaughtException(\n    ^\n\nAssertionError [ERR_ASSERTION]: Expected values to be strictly equal:\n+ actual - expected\n\n+ 'sha256:7757bf621fed180598c3cb460d3016910dbc89cacef510924dd447dc0f6dd23e'\n- 'sha256:adee836993c1cd9c9ff09d496bdba1dffb285088fb4fd0caa3fe9dee0dc11830'\n\n    at file:///workspace/scratch/9fa3b9b80bce/kubeclaw/tests/verification/reliability/review-semantic-summary-child.mjs:59:12 {\n  generatedMessage: true,\n  code: 'ERR_ASSERTION',\n  actual: 'sha256:7757bf621fed180598c3cb460d3016910dbc89cacef510924dd447dc0f6dd23e',\n  expected: 'sha256:adee836993c1cd9c9ff09d496bdba1dffb285088fb4fd0caa3fe9dee0dc11830',\n  operator: 'strictEqual',\n  diff: 'simple'\n}\n\nNode.js v24.19.0\n"}
✖ original Summary consumes exact new semantic artifacts through Core/ArtifactStore in en and cs (38372.903055ms)
✔ Summary semantic reader rejects proxy/getter, partial and unknown version pairs (18.033033ms)
Real ArtifactStore and FileEffectJournal replay JSON regressions passed
✔ tests/verification/reliability/sdk-json-contract.test.mts (4707.349424ms)
✔ original artifact/source consumers and reopened effect journal preserve byte authority across native locales (10227.349067ms)
ℹ tests 13
ℹ suites 0
ℹ pass 12
ℹ fail 1
ℹ cancelled 0
ℹ skipped 0
ℹ todo 0
ℹ duration_ms 39283.987549

✖ failing tests:

test at tests/verification/reliability/review-semantic-summary.test.mjs:11:1
✖ original Summary consumes exact new semantic artifacts through Core/ArtifactStore in en and cs (38372.903055ms)
  AssertionError [ERR_ASSERTION]: node:internal/modules/run_main:107
      triggerUncaughtException(
      ^
  
  AssertionError [ERR_ASSERTION]: Expected values to be strictly equal:
  + actual - expected
  
  + 'sha256:7757bf621fed180598c3cb460d3016910dbc89cacef510924dd447dc0f6dd23e'
  - 'sha256:adee836993c1cd9c9ff09d496bdba1dffb285088fb4fd0caa3fe9dee0dc11830'
  
      at file:///workspace/scratch/9fa3b9b80bce/kubeclaw/tests/verification/reliability/review-semantic-summary-child.mjs:59:12 {
    generatedMessage: true,
    code: 'ERR_ASSERTION',
    actual: 'sha256:7757bf621fed180598c3cb460d3016910dbc89cacef510924dd447dc0f6dd23e',
    expected: 'sha256:adee836993c1cd9c9ff09d496bdba1dffb285088fb4fd0caa3fe9dee0dc11830',
    operator: 'strictEqual',
    diff: 'simple'
  }
  
  Node.js v24.19.0
  
  
  1 !== 0
  
      at TestContext.<anonymous> (file:///workspace/scratch/9fa3b9b80bce/kubeclaw/tests/verification/reliability/review-semantic-summary.test.mjs:18:14)
      at Test.runInAsyncScope (node:async_hooks:227:14)
      at Test.run (node:internal/test_runner/test:1382:25)
      at Test.start (node:internal/test_runner/test:1242:17)
      at startSubtestAfterBootstrap (node:internal/test_runner/harness:387:17) {
    generatedMessage: false,
    code: 'ERR_ASSERTION',
    actual: 1,
    expected: 0,
    operator: 'strictEqual',
    diff: 'simple'
  }
