go: downloading github.com/distribution/distribution/v3 v3.0.0
go: downloading github.com/aws/aws-sdk-go v1.55.5
go: downloading github.com/sirupsen/logrus v1.9.3
go: downloading github.com/docker/docker-credential-helpers v0.8.2
go: downloading github.com/docker/go-metrics v0.0.1
go: downloading github.com/opencontainers/image-spec v1.1.0
go: downloading go.opentelemetry.io/otel v1.32.0
go: downloading go.opentelemetry.io/otel/trace v1.32.0
go: downloading github.com/Azure/azure-sdk-for-go/sdk/azcore v1.17.1
go: downloading github.com/Azure/azure-sdk-for-go/sdk/azidentity v1.8.2
go: downloading github.com/Azure/azure-sdk-for-go/sdk/storage/azblob v1.6.0
go: downloading github.com/bshuster-repo/logrus-logstash-hook v1.0.0
go: downloading github.com/google/uuid v1.6.0
go: downloading github.com/spf13/cobra v1.8.0
go: downloading go.opentelemetry.io/contrib/instrumentation/net/http/otelhttp v0.57.0
go: downloading golang.org/x/crypto v0.36.0
go: downloading golang.org/x/net v0.37.0
go: downloading github.com/go-jose/go-jose/v4 v4.0.5
go: downloading cloud.google.com/go/storage v1.45.0
go: downloading golang.org/x/oauth2 v0.28.0
go: downloading google.golang.org/api v0.197.0
go: downloading golang.org/x/sys v0.31.0
go: downloading github.com/redis/go-redis/v9 v9.7.3
go: downloading github.com/klauspost/compress v1.17.11
go: downloading golang.org/x/sync v0.12.0
go: downloading go.opentelemetry.io/contrib/exporters/autoexport v0.57.0
go: downloading cloud.google.com/go v0.115.1
go: downloading go.opentelemetry.io/otel/exporters/stdout/stdouttrace v1.32.0
go: downloading go.opentelemetry.io/otel/sdk v1.32.0
go: downloading github.com/prometheus/client_golang v1.20.5
go: downloading github.com/go-logr/logr v1.4.2
go: downloading go.opentelemetry.io/otel/metric v1.32.0
go: downloading github.com/Azure/azure-sdk-for-go/sdk/internal v1.10.0
go: downloading github.com/redis/go-redis/extra/redisotel/v9 v9.0.5
go: downloading github.com/docker/go-events v0.0.0-20190806004212-e31b211e4f1c
go: downloading github.com/felixge/httpsnoop v1.0.4
go: downloading github.com/coreos/go-systemd/v22 v22.5.0
go: downloading github.com/AzureAD/microsoft-authentication-library-for-go v1.3.3
go: downloading github.com/spf13/pflag v1.0.5
go: downloading github.com/jmespath/go-jmespath v0.4.0
go: downloading cloud.google.com/go/compute/metadata v0.5.1
go: downloading github.com/hashicorp/golang-lru/arc/v2 v2.0.5
go: downloading go.opentelemetry.io/contrib/bridges/prometheus v0.57.0
go: downloading go.opentelemetry.io/otel/exporters/otlp/otlplog/otlploggrpc v0.8.0
go: downloading go.opentelemetry.io/otel/exporters/otlp/otlplog/otlploghttp v0.8.0
go: downloading go.opentelemetry.io/otel/exporters/otlp/otlpmetric/otlpmetricgrpc v1.32.0
go: downloading go.opentelemetry.io/otel/exporters/otlp/otlpmetric/otlpmetrichttp v1.32.0
go: downloading go.opentelemetry.io/otel/exporters/otlp/otlptrace/otlptracegrpc v1.32.0
go: downloading go.opentelemetry.io/otel/exporters/otlp/otlptrace/otlptracehttp v1.32.0
go: downloading go.opentelemetry.io/otel/exporters/prometheus v0.54.0
go: downloading go.opentelemetry.io/otel/exporters/stdout/stdoutlog v0.8.0
go: downloading go.opentelemetry.io/otel/exporters/otlp/otlptrace v1.32.0
go: downloading go.opentelemetry.io/otel/exporters/stdout/stdoutmetric v1.32.0
go: downloading go.opentelemetry.io/otel/sdk/log v0.8.0
go: downloading go.opentelemetry.io/otel/sdk/metric v1.32.0
go: downloading github.com/cespare/xxhash/v2 v2.3.0
go: downloading github.com/dgryski/go-rendezvous v0.0.0-20200823014737-9f7001d12a5f
go: downloading cloud.google.com/go/iam v1.2.1
go: downloading github.com/GoogleCloudPlatform/opentelemetry-operations-go/exporter/metric v0.48.1
go: downloading github.com/googleapis/gax-go/v2 v2.13.0
go: downloading go.opentelemetry.io/contrib/detectors/gcp v1.29.0
go: downloading google.golang.org/genproto v0.0.0-20240903143218-8af14fe29dc1
go: downloading google.golang.org/grpc v1.68.0
go: downloading google.golang.org/grpc/stats/opentelemetry v0.0.0-20240907200651-3ffb98b2c93a
go: downloading google.golang.org/protobuf v1.35.1
go: downloading github.com/go-logr/stdr v1.2.2
go: downloading github.com/prometheus/client_model v0.6.1
go: downloading github.com/prometheus/common v0.60.1
go: downloading github.com/beorn7/perks v1.0.1
go: downloading github.com/prometheus/procfs v0.15.1
go: downloading github.com/redis/go-redis/extra/rediscmd/v9 v9.0.5
go: downloading golang.org/x/text v0.23.0
go: downloading github.com/kylelemons/godebug v1.1.0
go: downloading github.com/pkg/browser v0.0.0-20240102092130-5ac0b6a4141c
go: downloading go.opentelemetry.io/proto/otlp v1.3.1
go: downloading google.golang.org/genproto/googleapis/rpc v0.0.0-20241104194629-dd2ea8efbc28
go: downloading github.com/hashicorp/golang-lru/v2 v2.0.5
go: downloading go.opentelemetry.io/otel/log v0.8.0
go: downloading go.opencensus.io v0.24.0
go: downloading google.golang.org/genproto/googleapis/api v0.0.0-20241104194629-dd2ea8efbc28
go: downloading cloud.google.com/go/monitoring v1.21.0
go: downloading github.com/GoogleCloudPlatform/opentelemetry-operations-go/internal/resourcemapping v0.48.1
go: downloading github.com/GoogleCloudPlatform/opentelemetry-operations-go/detectors/gcp v1.24.1
go: downloading cloud.google.com/go/auth v0.9.3
go: downloading cloud.google.com/go/auth/oauth2adapt v0.2.4
go: downloading github.com/munnerz/goautoneg v0.0.0-20191010083416-a7dc8b61c822
go: downloading github.com/golang-jwt/jwt/v5 v5.2.2
go: downloading github.com/cenkalti/backoff/v4 v4.3.0
go: downloading github.com/grpc-ecosystem/grpc-gateway/v2 v2.23.0
go: downloading go.opentelemetry.io/contrib/instrumentation/google.golang.org/grpc/otelgrpc v0.54.0
go: downloading golang.org/x/time v0.6.0
go: downloading github.com/golang/groupcache v0.0.0-20210331224755-41bb18bfe9da
go: downloading github.com/google/s2a-go v0.1.8
go: downloading github.com/googleapis/enterprise-certificate-proxy v0.3.4
go: downloading github.com/envoyproxy/go-control-plane v0.13.0
go: downloading github.com/cncf/xds/go v0.0.0-20240905190251-b4127c9b8d78
go: downloading github.com/envoyproxy/protoc-gen-validate v1.1.0
go: downloading github.com/census-instrumentation/opencensus-proto v0.4.1
go: downloading cel.dev/expr v0.16.1
