✔ one explicit registry contract produces aligned BuildKit, runtime and node clients (12.573139ms)
✔ missing transport, URL mismatches, plaintext credentials and incomplete trust fail explicitly (1.329794ms)
✔ generator writes node credentials privately, never overwrites existing host configuration (212.817241ms)
✖ real Helm wires exactly the selected sidecar and refuses missing/duplicate/contradictory configuration (17.562382ms)
✔ original container-build manifest consumer verifies generated HTTPS origin, CA and scoped credentials (2375.454723ms)
ℹ tests 5
ℹ suites 0
ℹ pass 4
ℹ fail 1
ℹ cancelled 0
ℹ skipped 0
ℹ todo 0
ℹ duration_ms 2984.873923

✖ failing tests:

test at tests/verification/deployment/registry-client-config.test.mjs:44:1
✖ real Helm wires exactly the selected sidecar and refuses missing/duplicate/contradictory configuration (17.562382ms)
  AssertionError [ERR_ASSERTION]: Expected values to be strictly equal:
  
  null !== 0
  
      at TestContext.<anonymous> (file:///workspace/scratch/9fa3b9b80bce/kubeclaw/tests/verification/deployment/registry-client-config.test.mjs:45:9)
      at Test.runInAsyncScope (node:async_hooks:227:14)
      at Test.run (node:internal/test_runner/test:1382:25)
      at Test.processPendingSubtests (node:internal/test_runner/test:960:18)
      at Test.postRun (node:internal/test_runner/test:1522:19)
      at Test.run (node:internal/test_runner/test:1447:12)
      at async Test.processPendingSubtests (node:internal/test_runner/test:960:7) {
    generatedMessage: true,
    code: 'ERR_ASSERTION',
    actual: null,
    expected: 0,
    operator: 'strictEqual',
    diff: 'simple'
  }
