node:internal/modules/cjs/loader:1517
  const err = new Error(message);
              ^

Error: Cannot find module 'ioredis'
Require stack:
- /workspace/scratch/4e25cf57c177/kubeclaw-fixes/tests/verification/e2e/redis-test-client.mjs
    at Module._resolveFilename (node:internal/modules/cjs/loader:1517:15)
    at wrapResolveFilename (node:internal/modules/cjs/loader:1071:27)
    at defaultResolveImplForCJSLoading (node:internal/modules/cjs/loader:1095:10)
    at resolveForCJSWithHooks (node:internal/modules/cjs/loader:1122:12)
    at Module._load (node:internal/modules/cjs/loader:1294:5)
    at wrapModuleLoad (node:internal/modules/cjs/loader:255:19)
    at Module.require (node:internal/modules/cjs/loader:1617:12)
    at require (node:internal/modules/helpers:153:16)
    at file:///workspace/scratch/4e25cf57c177/kubeclaw-fixes/tests/verification/e2e/redis-test-client.mjs:4:15
    at ModuleJob.run (node:internal/modules/esm/module_job:439:25) {
  code: 'MODULE_NOT_FOUND',
  requireStack: [
    '/workspace/scratch/4e25cf57c177/kubeclaw-fixes/tests/verification/e2e/redis-test-client.mjs'
  ]
}

Node.js v24.19.0
✖ tests/verification/e2e/check-real-e2e-capabilities.test.mjs (95.020223ms)
ℹ tests 1
ℹ suites 0
ℹ pass 0
ℹ fail 1
ℹ cancelled 0
ℹ skipped 0
ℹ todo 0
ℹ duration_ms 103.818215

✖ failing tests:

test at tests/verification/e2e/check-real-e2e-capabilities.test.mjs:1:1
✖ tests/verification/e2e/check-real-e2e-capabilities.test.mjs (95.020223ms)
  'test failed'
